2026-04-30 13:20:00,051 INFO o.a.j.u.JMeterUtils: Setting Locale to en_EN
2026-04-30 13:20:00,073 INFO o.a.j.JMeter: Loading user properties from: /opt/homebrew/Cellar/jmeter/5.6.3/libexec/bin/user.properties
2026-04-30 13:20:00,074 INFO o.a.j.JMeter: Loading system properties from: /opt/homebrew/Cellar/jmeter/5.6.3/libexec/bin/system.properties
2026-04-30 13:20:00,076 INFO o.a.j.JMeter: Copyright (c) 1998-2024 The Apache Software Foundation
2026-04-30 13:20:00,076 INFO o.a.j.JMeter: Version 5.6.3
2026-04-30 13:20:00,076 INFO o.a.j.JMeter: java.version=21.0.10
2026-04-30 13:20:00,076 INFO o.a.j.JMeter: java.vm.name=OpenJDK 64-Bit Server VM
2026-04-30 13:20:00,076 INFO o.a.j.JMeter: os.name=Mac OS X
2026-04-30 13:20:00,076 INFO o.a.j.JMeter: os.arch=aarch64
2026-04-30 13:20:00,076 INFO o.a.j.JMeter: os.version=26.3.1
2026-04-30 13:20:00,076 INFO o.a.j.JMeter: file.encoding=UTF-8
2026-04-30 13:20:00,076 INFO o.a.j.JMeter: java.awt.headless=null
2026-04-30 13:20:00,076 INFO o.a.j.JMeter: Max memory     =1073741824
2026-04-30 13:20:00,076 INFO o.a.j.JMeter: Available Processors =10
2026-04-30 13:20:00,081 INFO o.a.j.JMeter: Default Locale=English (EN)
2026-04-30 13:20:00,081 INFO o.a.j.JMeter: JMeter  Locale=English (EN)
2026-04-30 13:20:00,081 INFO o.a.j.JMeter: JMeterHome=/opt/homebrew/Cellar/jmeter/5.6.3/libexec
2026-04-30 13:20:00,081 INFO o.a.j.JMeter: user.dir  =/Users/s.m.owaisanas/Downloads/programs/Projects/distributed-key-value-store-v2
2026-04-30 13:20:00,081 INFO o.a.j.JMeter: PWD       =/Users/s.m.owaisanas/Downloads/programs/Projects/distributed-key-value-store-v2
2026-04-30 13:20:00,083 INFO o.a.j.JMeter: IP: 127.0.0.1 Name: SMOwaiss-MacBook-Air.local FullName: localhost
2026-04-30 13:20:00,088 INFO o.a.j.JMeter: Loaded icon properties from org/apache/jmeter/images/icon.properties
2026-04-30 13:20:00,618 INFO o.a.j.JMeterGuiLauncher: Setting LAF to: com.github.weisj.darklaf.DarkLaf:com.github.weisj.darklaf.theme.DarculaTheme
2026-04-30 13:20:02,492 INFO o.a.j.r.ClassFinder: Will scan jar /opt/homebrew/Cellar/jmeter/5.6.3/libexec/lib/ext/jmeter-plugins-manager-1.9.jar with filter ExtendsClassFilter [parents=[interface org.apache.jmeter.gui.action.Command], inner=false, contains=null, notContains=null]. Consider exposing JMeter plugins via META-INF/services, and add JMeter-Skip-Class-Scanning=true manifest attribute so JMeter can skip classfile scanning
2026-04-30 13:20:02,553 INFO o.a.j.r.ClassFinder: Will scan jar /opt/homebrew/Cellar/jmeter/5.6.3/libexec/lib/ext/jmeter-plugins-manager-1.9.jar with filter ExtendsClassFilter [parents=[interface org.apache.jmeter.gui.plugin.MenuCreator], inner=false, contains=null, notContains=null]. Consider exposing JMeter plugins via META-INF/services, and add JMeter-Skip-Class-Scanning=true manifest attribute so JMeter can skip classfile scanning
2026-04-30 13:20:02,590 INFO o.j.r.JARSourceHTTP: Requesting https://jmeter-plugins.org/repo/?installID=mac_os_x-4bda4f0663e0e5d7822651df06b75df2-gui
2026-04-30 13:20:06,813 INFO o.j.r.PluginManager: Plugins Status: [jpgc-plugins-manager=1.9, jmeter-core=5.6.3, jmeter-ftp=5.6.3, jmeter-http=5.6.3, jmeter-jdbc=5.6.3, jmeter-jms=5.6.3, jmeter-junit=5.6.3, jmeter-java=5.6.3, jmeter-ldap=5.6.3, jmeter-mail=5.6.3, jmeter-mongodb=5.6.3, jmeter-native=5.6.3, jmeter-tcp=5.6.3, jmeter-components=5.6.3]
2026-04-30 13:20:06,814 INFO o.j.r.PluginManagerMenuItem: Plugins Manager has upgrades: [jpgc-plugins-manager]
2026-04-30 13:21:52,321 INFO o.a.j.p.h.s.HTTPSamplerBase: Parser for text/html is org.apache.jmeter.protocol.http.parser.LagartoBasedHtmlParser
2026-04-30 13:21:52,322 INFO o.a.j.p.h.s.HTTPSamplerBase: Parser for application/xhtml+xml is org.apache.jmeter.protocol.http.parser.LagartoBasedHtmlParser
2026-04-30 13:21:52,322 INFO o.a.j.p.h.s.HTTPSamplerBase: Parser for application/xml is org.apache.jmeter.protocol.http.parser.LagartoBasedHtmlParser
2026-04-30 13:21:52,322 INFO o.a.j.p.h.s.HTTPSamplerBase: Parser for text/xml is org.apache.jmeter.protocol.http.parser.LagartoBasedHtmlParser
2026-04-30 13:21:52,322 INFO o.a.j.p.h.s.HTTPSamplerBase: Parser for text/vnd.wap.wml is org.apache.jmeter.protocol.http.parser.RegexpHTMLParser
2026-04-30 13:21:52,322 INFO o.a.j.p.h.s.HTTPSamplerBase: Parser for text/css is org.apache.jmeter.protocol.http.parser.CssParser
2026-04-30 13:25:05,925 INFO o.a.j.s.SampleResult: Note: Sample TimeStamps are START times
2026-04-30 13:25:05,926 INFO o.a.j.s.SampleResult: sampleresult.default.encoding is set to UTF-8
2026-04-30 13:25:05,926 INFO o.a.j.s.SampleResult: sampleresult.useNanoTime=true
2026-04-30 13:25:05,926 INFO o.a.j.s.SampleResult: sampleresult.nanoThreadSleep=5000
2026-04-30 13:25:05,985 INFO o.a.j.r.ClassFinder: Will scan jar /opt/homebrew/Cellar/jmeter/5.6.3/libexec/lib/ext/jmeter-plugins-manager-1.9.jar with filter ExtendsClassFilter [parents=[interface org.apache.jmeter.visualizers.ResultRenderer], inner=false, contains=null, notContains=null]. Consider exposing JMeter plugins via META-INF/services, and add JMeter-Skip-Class-Scanning=true manifest attribute so JMeter can skip classfile scanning
2026-04-30 13:25:05,994 INFO o.a.j.r.ClassFinder: Will scan jar /opt/homebrew/Cellar/jmeter/5.6.3/libexec/lib/ext/jmeter-plugins-manager-1.9.jar with filter ExtendsClassFilter [parents=[interface org.apache.jmeter.visualizers.RequestView], inner=false, contains=null, notContains=null]. Consider exposing JMeter plugins via META-INF/services, and add JMeter-Skip-Class-Scanning=true manifest attribute so JMeter can skip classfile scanning
2026-04-30 13:25:34,375 INFO o.a.j.s.FileServer: Default base='/Users/s.m.owaisanas/Downloads/programs/Projects/distributed-key-value-store-v2'
2026-04-30 13:25:34,376 INFO o.a.j.s.FileServer: Set new base='/Users/s.m.owaisanas/Downloads/programs/Projects/distributed-key-value-store-v2/infra/tests'
2026-04-30 13:25:34,510 INFO o.a.j.s.SaveService: Testplan (JMX) version: 2.2. Testlog (JTL) version: 2.2
2026-04-30 13:25:34,513 INFO o.a.j.s.SaveService: Using SaveService properties version 5.0
2026-04-30 13:25:34,513 INFO o.a.j.s.SaveService: Using SaveService properties file encoding UTF-8
2026-04-30 13:25:34,524 INFO o.a.j.e.StandardJMeterEngine: Running the test!
2026-04-30 13:25:34,524 INFO o.a.j.s.SampleEvent: List of sample_variables: []
2026-04-30 13:25:34,524 INFO o.a.j.s.SampleEvent: List of sample_variables: []
2026-04-30 13:25:34,525 INFO o.a.j.e.u.CompoundVariable: Note: Function class names must contain the string: '.functions.'
2026-04-30 13:25:34,525 INFO o.a.j.e.u.CompoundVariable: Note: Function class names must not contain the string: '.gui.'
2026-04-30 13:25:34,546 INFO o.a.j.r.ClassFinder: Will scan jar /opt/homebrew/Cellar/jmeter/5.6.3/libexec/lib/ext/jmeter-plugins-manager-1.9.jar with filter ExtendsClassFilter [parents=[interface org.apache.jmeter.functions.Function], inner=false, contains=null, notContains=null]. Consider exposing JMeter plugins via META-INF/services, and add JMeter-Skip-Class-Scanning=true manifest attribute so JMeter can skip classfile scanning
2026-04-30 13:25:34,550 INFO o.a.j.g.u.JMeterMenuBar: setRunning(true, *local*)
2026-04-30 13:25:34,570 INFO o.a.j.e.StandardJMeterEngine: Starting ThreadGroup: 1 : KV Thread Group
2026-04-30 13:25:34,570 INFO o.a.j.e.StandardJMeterEngine: Starting 50 threads for group KV Thread Group.
2026-04-30 13:25:34,570 INFO o.a.j.e.StandardJMeterEngine: Thread will continue on error
2026-04-30 13:25:34,571 INFO o.a.j.t.ThreadGroup: Starting thread group... number=1 threads=50 ramp-up=10 delayedStart=false
2026-04-30 13:25:34,572 INFO o.a.j.t.JMeterThread: Thread started: KV Thread Group 1-1
2026-04-30 13:25:34,576 INFO o.a.j.p.h.s.HTTPHCAbstractImpl: Local host = SMOwaiss-MacBook-Air.local
2026-04-30 13:25:34,577 INFO o.a.j.t.ThreadGroup: Started thread group number 1
2026-04-30 13:25:34,577 INFO o.a.j.e.StandardJMeterEngine: All thread groups have been started
2026-04-30 13:25:34,578 INFO o.a.j.p.h.s.HTTPHC4Impl: HTTP request retry count = 0
2026-04-30 13:25:34,777 INFO o.a.j.t.JMeterThread: Thread started: KV Thread Group 1-2
2026-04-30 13:25:34,977 INFO o.a.j.t.JMeterThread: Thread started: KV Thread Group 1-3
2026-04-30 13:25:35,177 INFO o.a.j.t.JMeterThread: Thread started: KV Thread Group 1-4
2026-04-30 13:25:35,376 INFO o.a.j.t.JMeterThread: Thread started: KV Thread Group 1-5
2026-04-30 13:25:35,573 INFO o.a.j.t.JMeterThread: Thread started: KV Thread Group 1-6
2026-04-30 13:25:35,776 INFO o.a.j.t.JMeterThread: Thread started: KV Thread Group 1-7
2026-04-30 13:25:35,971 INFO o.a.j.t.JMeterThread: Thread started: KV Thread Group 1-8
2026-04-30 13:25:36,176 INFO o.a.j.t.JMeterThread: Thread started: KV Thread Group 1-9
2026-04-30 13:25:36,377 INFO o.a.j.t.JMeterThread: Thread started: KV Thread Group 1-10
2026-04-30 13:25:36,575 INFO o.a.j.t.JMeterThread: Thread started: KV Thread Group 1-11
2026-04-30 13:25:36,774 INFO o.a.j.t.JMeterThread: Thread started: KV Thread Group 1-12
2026-04-30 13:25:36,975 INFO o.a.j.t.JMeterThread: Thread started: KV Thread Group 1-13
2026-04-30 13:25:37,176 INFO o.a.j.t.JMeterThread: Thread started: KV Thread Group 1-14
2026-04-30 13:25:37,376 INFO o.a.j.t.JMeterThread: Thread started: KV Thread Group 1-15
2026-04-30 13:25:37,574 INFO o.a.j.t.JMeterThread: Thread started: KV Thread Group 1-16
2026-04-30 13:25:37,776 INFO o.a.j.t.JMeterThread: Thread started: KV Thread Group 1-17
2026-04-30 13:25:37,974 INFO o.a.j.t.JMeterThread: Thread started: KV Thread Group 1-18
2026-04-30 13:25:38,176 INFO o.a.j.t.JMeterThread: Thread started: KV Thread Group 1-19
2026-04-30 13:25:38,377 INFO o.a.j.t.JMeterThread: Thread started: KV Thread Group 1-20
2026-04-30 13:25:38,577 INFO o.a.j.t.JMeterThread: Thread started: KV Thread Group 1-21
2026-04-30 13:25:38,773 INFO o.a.j.t.JMeterThread: Thread started: KV Thread Group 1-22
2026-04-30 13:25:38,976 INFO o.a.j.t.JMeterThread: Thread started: KV Thread Group 1-23
2026-04-30 13:25:39,176 INFO o.a.j.t.JMeterThread: Thread started: KV Thread Group 1-24
2026-04-30 13:25:39,376 INFO o.a.j.t.JMeterThread: Thread started: KV Thread Group 1-25
2026-04-30 13:25:39,576 INFO o.a.j.t.JMeterThread: Thread started: KV Thread Group 1-26
2026-04-30 13:25:39,776 INFO o.a.j.t.JMeterThread: Thread started: KV Thread Group 1-27
2026-04-30 13:25:39,976 INFO o.a.j.t.JMeterThread: Thread started: KV Thread Group 1-28
2026-04-30 13:25:40,176 INFO o.a.j.t.JMeterThread: Thread started: KV Thread Group 1-29
2026-04-30 13:25:40,375 INFO o.a.j.t.JMeterThread: Thread started: KV Thread Group 1-30
2026-04-30 13:25:40,576 INFO o.a.j.t.JMeterThread: Thread started: KV Thread Group 1-31
2026-04-30 13:25:40,777 INFO o.a.j.t.JMeterThread: Thread started: KV Thread Group 1-32
2026-04-30 13:25:40,977 INFO o.a.j.t.JMeterThread: Thread started: KV Thread Group 1-33
2026-04-30 13:25:41,176 INFO o.a.j.t.JMeterThread: Thread started: KV Thread Group 1-34
2026-04-30 13:25:41,376 INFO o.a.j.t.JMeterThread: Thread started: KV Thread Group 1-35
2026-04-30 13:25:41,573 INFO o.a.j.t.JMeterThread: Thread started: KV Thread Group 1-36
2026-04-30 13:25:41,776 INFO o.a.j.t.JMeterThread: Thread started: KV Thread Group 1-37
2026-04-30 13:25:41,976 INFO o.a.j.t.JMeterThread: Thread started: KV Thread Group 1-38
2026-04-30 13:25:42,176 INFO o.a.j.t.JMeterThread: Thread started: KV Thread Group 1-39
2026-04-30 13:25:42,377 INFO o.a.j.t.JMeterThread: Thread started: KV Thread Group 1-40
2026-04-30 13:25:42,576 INFO o.a.j.t.JMeterThread: Thread started: KV Thread Group 1-41
2026-04-30 13:25:42,777 INFO o.a.j.t.JMeterThread: Thread started: KV Thread Group 1-42
2026-04-30 13:25:42,977 INFO o.a.j.t.JMeterThread: Thread started: KV Thread Group 1-43
2026-04-30 13:25:43,176 INFO o.a.j.t.JMeterThread: Thread started: KV Thread Group 1-44
2026-04-30 13:25:43,376 INFO o.a.j.t.JMeterThread: Thread started: KV Thread Group 1-45
2026-04-30 13:25:43,577 INFO o.a.j.t.JMeterThread: Thread started: KV Thread Group 1-46
2026-04-30 13:25:43,776 INFO o.a.j.t.JMeterThread: Thread started: KV Thread Group 1-47
2026-04-30 13:25:43,976 INFO o.a.j.t.JMeterThread: Thread started: KV Thread Group 1-48
2026-04-30 13:25:44,175 INFO o.a.j.t.JMeterThread: Thread started: KV Thread Group 1-49
2026-04-30 13:25:44,371 INFO o.a.j.t.JMeterThread: Thread started: KV Thread Group 1-50
2026-04-30 13:27:18,234 INFO o.a.j.g.a.Start: Stopping test
2026-04-30 13:27:18,280 INFO o.a.j.t.JMeterThread: Stopping: KV Thread Group 1-39
2026-04-30 13:27:18,281 WARN o.a.j.t.JMeterThread: Interrupting: KV Thread Group 1-39 sampler: HTTP Request
2026-04-30 13:27:18,283 INFO o.a.j.t.JMeterThread: Stopping: KV Thread Group 1-37
2026-04-30 13:27:18,283 WARN o.a.j.t.JMeterThread: Interrupting: KV Thread Group 1-37 sampler: HTTP Request
2026-04-30 13:27:18,284 INFO o.a.j.t.JMeterThread: Stopping: KV Thread Group 1-12
2026-04-30 13:27:18,284 WARN o.a.j.t.JMeterThread: Interrupting: KV Thread Group 1-12 sampler: HTTP Request
2026-04-30 13:27:18,284 INFO o.a.j.t.JMeterThread: Stopping: KV Thread Group 1-30
2026-04-30 13:27:18,284 WARN o.a.j.t.JMeterThread: Interrupting: KV Thread Group 1-30 sampler: HTTP Request
2026-04-30 13:27:18,284 INFO o.a.j.t.JMeterThread: Thread finished: KV Thread Group 1-39
2026-04-30 13:27:18,284 INFO o.a.j.t.JMeterThread: Thread finished: KV Thread Group 1-12
2026-04-30 13:27:18,284 INFO o.a.j.t.JMeterThread: Stopping: KV Thread Group 1-41
2026-04-30 13:27:18,284 WARN o.a.j.t.JMeterThread: Interrupting: KV Thread Group 1-41 sampler: HTTP Request
2026-04-30 13:27:18,284 INFO o.a.j.t.JMeterThread: Thread finished: KV Thread Group 1-30
2026-04-30 13:27:18,284 INFO o.a.j.t.JMeterThread: Thread finished: KV Thread Group 1-37
2026-04-30 13:27:18,284 INFO o.a.j.t.JMeterThread: Stopping: KV Thread Group 1-49
2026-04-30 13:27:18,284 WARN o.a.j.t.JMeterThread: Interrupting: KV Thread Group 1-49 sampler: HTTP Request
2026-04-30 13:27:18,285 INFO o.a.j.t.JMeterThread: Thread finished: KV Thread Group 1-41
2026-04-30 13:27:18,285 INFO o.a.j.t.JMeterThread: Stopping: KV Thread Group 1-38
2026-04-30 13:27:18,285 WARN o.a.j.t.JMeterThread: Interrupting: KV Thread Group 1-38 sampler: HTTP Request
2026-04-30 13:27:18,285 INFO o.a.j.t.JMeterThread: Thread finished: KV Thread Group 1-49
2026-04-30 13:27:18,285 INFO o.a.j.t.JMeterThread: Stopping: KV Thread Group 1-7
2026-04-30 13:27:18,285 WARN o.a.j.t.JMeterThread: Interrupting: KV Thread Group 1-7 sampler: HTTP Request
2026-04-30 13:27:18,285 INFO o.a.j.t.JMeterThread: Thread finished: KV Thread Group 1-38
2026-04-30 13:27:18,285 INFO o.a.j.t.JMeterThread: Stopping: KV Thread Group 1-43
2026-04-30 13:27:18,285 WARN o.a.j.t.JMeterThread: Interrupting: KV Thread Group 1-43 sampler: HTTP Request
2026-04-30 13:27:18,285 INFO o.a.j.t.JMeterThread: Thread finished: KV Thread Group 1-7
2026-04-30 13:27:18,285 INFO o.a.j.t.JMeterThread: Stopping: KV Thread Group 1-48
2026-04-30 13:27:18,285 WARN o.a.j.t.JMeterThread: Interrupting: KV Thread Group 1-48 sampler: HTTP Request
2026-04-30 13:27:18,285 INFO o.a.j.t.JMeterThread: Thread finished: KV Thread Group 1-43
2026-04-30 13:27:18,285 INFO o.a.j.t.JMeterThread: Stopping: KV Thread Group 1-21
2026-04-30 13:27:18,286 WARN o.a.j.t.JMeterThread: Interrupting: KV Thread Group 1-21 sampler: HTTP Request
2026-04-30 13:27:18,286 INFO o.a.j.t.JMeterThread: Thread finished: KV Thread Group 1-48
2026-04-30 13:27:18,286 INFO o.a.j.t.JMeterThread: Stopping: KV Thread Group 1-16
2026-04-30 13:27:18,286 WARN o.a.j.t.JMeterThread: Interrupting: KV Thread Group 1-16 sampler: HTTP Request
2026-04-30 13:27:18,286 INFO o.a.j.t.JMeterThread: Thread finished: KV Thread Group 1-21
2026-04-30 13:27:18,286 INFO o.a.j.t.JMeterThread: Stopping: KV Thread Group 1-33
2026-04-30 13:27:18,286 WARN o.a.j.t.JMeterThread: Interrupting: KV Thread Group 1-33 sampler: HTTP Request
2026-04-30 13:27:18,286 INFO o.a.j.t.JMeterThread: Thread finished: KV Thread Group 1-16
2026-04-30 13:27:18,286 INFO o.a.j.t.JMeterThread: Stopping: KV Thread Group 1-4
2026-04-30 13:27:18,286 WARN o.a.j.t.JMeterThread: Interrupting: KV Thread Group 1-4 sampler: HTTP Request
2026-04-30 13:27:18,286 INFO o.a.j.t.JMeterThread: Thread finished: KV Thread Group 1-33
2026-04-30 13:27:18,286 INFO o.a.j.t.JMeterThread: Stopping: KV Thread Group 1-8
2026-04-30 13:27:18,286 INFO o.a.j.t.JMeterThread: Thread finished: KV Thread Group 1-4
2026-04-30 13:27:18,286 WARN o.a.j.t.JMeterThread: Interrupting: KV Thread Group 1-8 sampler: HTTP Request
2026-04-30 13:27:18,287 INFO o.a.j.t.JMeterThread: Stopping: KV Thread Group 1-32
2026-04-30 13:27:18,287 WARN o.a.j.t.JMeterThread: Interrupting: KV Thread Group 1-32 sampler: HTTP Request
2026-04-30 13:27:18,287 INFO o.a.j.t.JMeterThread: Thread finished: KV Thread Group 1-8
2026-04-30 13:27:18,287 INFO o.a.j.t.JMeterThread: Stopping: KV Thread Group 1-17
2026-04-30 13:27:18,287 WARN o.a.j.t.JMeterThread: Interrupting: KV Thread Group 1-17 sampler: HTTP Request
2026-04-30 13:27:18,287 INFO o.a.j.t.JMeterThread: Thread finished: KV Thread Group 1-32
2026-04-30 13:27:18,287 INFO o.a.j.t.JMeterThread: Stopping: KV Thread Group 1-25
2026-04-30 13:27:18,287 WARN o.a.j.t.JMeterThread: Interrupting: KV Thread Group 1-25 sampler: HTTP Request
2026-04-30 13:27:18,287 INFO o.a.j.t.JMeterThread: Thread finished: KV Thread Group 1-17
2026-04-30 13:27:18,287 INFO o.a.j.t.JMeterThread: Stopping: KV Thread Group 1-1
2026-04-30 13:27:18,287 WARN o.a.j.t.JMeterThread: Interrupting: KV Thread Group 1-1 sampler: HTTP Request
2026-04-30 13:27:18,287 INFO o.a.j.t.JMeterThread: Thread finished: KV Thread Group 1-25
2026-04-30 13:27:18,287 INFO o.a.j.t.JMeterThread: Stopping: KV Thread Group 1-47
2026-04-30 13:27:18,287 WARN o.a.j.t.JMeterThread: Interrupting: KV Thread Group 1-47 sampler: HTTP Request
2026-04-30 13:27:18,288 INFO o.a.j.t.JMeterThread: Stopping: KV Thread Group 1-15
2026-04-30 13:27:18,288 WARN o.a.j.t.JMeterThread: Interrupting: KV Thread Group 1-15 sampler: HTTP Request
2026-04-30 13:27:18,288 INFO o.a.j.t.JMeterThread: Stopping: KV Thread Group 1-3
2026-04-30 13:27:18,288 INFO o.a.j.t.JMeterThread: Thread finished: KV Thread Group 1-47
2026-04-30 13:27:18,288 WARN o.a.j.t.JMeterThread: Interrupting: KV Thread Group 1-3 sampler: HTTP Request
2026-04-30 13:27:18,288 INFO o.a.j.t.JMeterThread: Thread finished: KV Thread Group 1-15
2026-04-30 13:27:18,288 INFO o.a.j.t.JMeterThread: Thread finished: KV Thread Group 1-1
2026-04-30 13:27:18,288 INFO o.a.j.t.JMeterThread: Stopping: KV Thread Group 1-14
2026-04-30 13:27:18,288 WARN o.a.j.t.JMeterThread: Interrupting: KV Thread Group 1-14 sampler: HTTP Request
2026-04-30 13:27:18,288 INFO o.a.j.t.JMeterThread: Thread finished: KV Thread Group 1-3
2026-04-30 13:27:18,288 INFO o.a.j.t.JMeterThread: Stopping: KV Thread Group 1-34
2026-04-30 13:27:18,288 WARN o.a.j.t.JMeterThread: Interrupting: KV Thread Group 1-34 sampler: HTTP Request
2026-04-30 13:27:18,288 INFO o.a.j.t.JMeterThread: Thread finished: KV Thread Group 1-14
2026-04-30 13:27:18,288 INFO o.a.j.t.JMeterThread: Stopping: KV Thread Group 1-2
2026-04-30 13:27:18,288 WARN o.a.j.t.JMeterThread: Interrupting: KV Thread Group 1-2 sampler: HTTP Request
2026-04-30 13:27:18,288 INFO o.a.j.t.JMeterThread: Thread finished: KV Thread Group 1-34
2026-04-30 13:27:18,288 INFO o.a.j.t.JMeterThread: Stopping: KV Thread Group 1-44
2026-04-30 13:27:18,288 WARN o.a.j.t.JMeterThread: Interrupting: KV Thread Group 1-44 sampler: HTTP Request
2026-04-30 13:27:18,289 INFO o.a.j.t.JMeterThread: Thread finished: KV Thread Group 1-2
2026-04-30 13:27:18,289 INFO o.a.j.t.JMeterThread: Stopping: KV Thread Group 1-6
2026-04-30 13:27:18,289 WARN o.a.j.t.JMeterThread: Interrupting: KV Thread Group 1-6 sampler: HTTP Request
2026-04-30 13:27:18,289 INFO o.a.j.t.JMeterThread: Stopping: KV Thread Group 1-10
2026-04-30 13:27:18,289 INFO o.a.j.t.JMeterThread: Thread finished: KV Thread Group 1-44
2026-04-30 13:27:18,289 INFO o.a.j.t.JMeterThread: Thread finished: KV Thread Group 1-6
2026-04-30 13:27:18,289 WARN o.a.j.t.JMeterThread: Interrupting: KV Thread Group 1-10 sampler: HTTP Request
2026-04-30 13:27:18,289 INFO o.a.j.t.JMeterThread: Stopping: KV Thread Group 1-50
2026-04-30 13:27:18,289 WARN o.a.j.t.JMeterThread: Interrupting: KV Thread Group 1-50 sampler: HTTP Request
2026-04-30 13:27:18,289 INFO o.a.j.t.JMeterThread: Thread finished: KV Thread Group 1-10
2026-04-30 13:27:18,289 INFO o.a.j.t.JMeterThread: Stopping: KV Thread Group 1-23
2026-04-30 13:27:18,289 WARN o.a.j.t.JMeterThread: Interrupting: KV Thread Group 1-23 sampler: HTTP Request
2026-04-30 13:27:18,289 INFO o.a.j.t.JMeterThread: Thread finished: KV Thread Group 1-50
2026-04-30 13:27:18,289 INFO o.a.j.t.JMeterThread: Stopping: KV Thread Group 1-29
2026-04-30 13:27:18,289 WARN o.a.j.t.JMeterThread: Interrupting: KV Thread Group 1-29 sampler: HTTP Request
2026-04-30 13:27:18,290 INFO o.a.j.t.JMeterThread: Stopping: KV Thread Group 1-40
2026-04-30 13:27:18,290 WARN o.a.j.t.JMeterThread: Interrupting: KV Thread Group 1-40 sampler: HTTP Request
2026-04-30 13:27:18,290 INFO o.a.j.t.JMeterThread: Stopping: KV Thread Group 1-22
2026-04-30 13:27:18,290 INFO o.a.j.t.JMeterThread: Thread finished: KV Thread Group 1-29
2026-04-30 13:27:18,290 INFO o.a.j.t.JMeterThread: Thread finished: KV Thread Group 1-23
2026-04-30 13:27:18,290 WARN o.a.j.t.JMeterThread: Interrupting: KV Thread Group 1-22 sampler: HTTP Request
2026-04-30 13:27:18,290 INFO o.a.j.t.JMeterThread: Thread finished: KV Thread Group 1-40
2026-04-30 13:27:18,290 INFO o.a.j.t.JMeterThread: Stopping: KV Thread Group 1-19
2026-04-30 13:27:18,290 WARN o.a.j.t.JMeterThread: Interrupting: KV Thread Group 1-19 sampler: HTTP Request
2026-04-30 13:27:18,290 INFO o.a.j.t.JMeterThread: Thread finished: KV Thread Group 1-22
2026-04-30 13:27:18,290 INFO o.a.j.t.JMeterThread: Stopping: KV Thread Group 1-11
2026-04-30 13:27:18,290 WARN o.a.j.t.JMeterThread: Interrupting: KV Thread Group 1-11 sampler: HTTP Request
2026-04-30 13:27:18,290 INFO o.a.j.t.JMeterThread: Thread finished: KV Thread Group 1-19
2026-04-30 13:27:18,290 INFO o.a.j.t.JMeterThread: Stopping: KV Thread Group 1-20
2026-04-30 13:27:18,290 WARN o.a.j.t.JMeterThread: Interrupting: KV Thread Group 1-20 sampler: HTTP Request
2026-04-30 13:27:18,291 INFO o.a.j.t.JMeterThread: Stopping: KV Thread Group 1-5
2026-04-30 13:27:18,291 WARN o.a.j.t.JMeterThread: Interrupting: KV Thread Group 1-5 sampler: HTTP Request
2026-04-30 13:27:18,291 INFO o.a.j.t.JMeterThread: Thread finished: KV Thread Group 1-20
2026-04-30 13:27:18,291 INFO o.a.j.t.JMeterThread: Thread finished: KV Thread Group 1-11
2026-04-30 13:27:18,291 INFO o.a.j.t.JMeterThread: Stopping: KV Thread Group 1-36
2026-04-30 13:27:18,291 WARN o.a.j.t.JMeterThread: Interrupting: KV Thread Group 1-36 sampler: HTTP Request
2026-04-30 13:27:18,291 INFO o.a.j.t.JMeterThread: Stopping: KV Thread Group 1-9
2026-04-30 13:27:18,291 WARN o.a.j.t.JMeterThread: Interrupting: KV Thread Group 1-9 sampler: HTTP Request
2026-04-30 13:27:18,291 INFO o.a.j.t.JMeterThread: Thread finished: KV Thread Group 1-36
2026-04-30 13:27:18,291 INFO o.a.j.t.JMeterThread: Stopping: KV Thread Group 1-18
2026-04-30 13:27:18,291 WARN o.a.j.t.JMeterThread: Interrupting: KV Thread Group 1-18 sampler: HTTP Request
2026-04-30 13:27:18,291 INFO o.a.j.t.JMeterThread: Stopping: KV Thread Group 1-45
2026-04-30 13:27:18,291 WARN o.a.j.t.JMeterThread: Interrupting: KV Thread Group 1-45 sampler: HTTP Request
2026-04-30 13:27:18,291 INFO o.a.j.t.JMeterThread: Thread finished: KV Thread Group 1-9
2026-04-30 13:27:18,291 INFO o.a.j.t.JMeterThread: Thread finished: KV Thread Group 1-18
2026-04-30 13:27:18,292 INFO o.a.j.t.JMeterThread: Stopping: KV Thread Group 1-31
2026-04-30 13:27:18,292 WARN o.a.j.t.JMeterThread: Interrupting: KV Thread Group 1-31 sampler: HTTP Request
2026-04-30 13:27:18,292 INFO o.a.j.t.JMeterThread: Stopping: KV Thread Group 1-42
2026-04-30 13:27:18,292 INFO o.a.j.t.JMeterThread: Thread finished: KV Thread Group 1-45
2026-04-30 13:27:18,292 INFO o.a.j.t.JMeterThread: Thread finished: KV Thread Group 1-31
2026-04-30 13:27:18,292 WARN o.a.j.t.JMeterThread: Interrupting: KV Thread Group 1-42 sampler: HTTP Request
2026-04-30 13:27:18,292 INFO o.a.j.t.JMeterThread: Thread finished: KV Thread Group 1-5
2026-04-30 13:27:18,292 INFO o.a.j.t.JMeterThread: Stopping: KV Thread Group 1-26
2026-04-30 13:27:18,292 WARN o.a.j.t.JMeterThread: Interrupting: KV Thread Group 1-26 sampler: HTTP Request
2026-04-30 13:27:18,292 INFO o.a.j.t.JMeterThread: Thread finished: KV Thread Group 1-42
2026-04-30 13:27:18,292 INFO o.a.j.t.JMeterThread: Stopping: KV Thread Group 1-28
2026-04-30 13:27:18,292 WARN o.a.j.t.JMeterThread: Interrupting: KV Thread Group 1-28 sampler: HTTP Request
2026-04-30 13:27:18,292 INFO o.a.j.t.JMeterThread: Thread finished: KV Thread Group 1-26
2026-04-30 13:27:18,292 INFO o.a.j.t.JMeterThread: Stopping: KV Thread Group 1-27
2026-04-30 13:27:18,292 WARN o.a.j.t.JMeterThread: Interrupting: KV Thread Group 1-27 sampler: HTTP Request
2026-04-30 13:27:18,292 INFO o.a.j.t.JMeterThread: Thread finished: KV Thread Group 1-28
2026-04-30 13:27:18,292 INFO o.a.j.t.JMeterThread: Stopping: KV Thread Group 1-13
2026-04-30 13:27:18,292 WARN o.a.j.t.JMeterThread: Interrupting: KV Thread Group 1-13 sampler: HTTP Request
2026-04-30 13:27:18,292 INFO o.a.j.t.JMeterThread: Thread finished: KV Thread Group 1-27
2026-04-30 13:27:18,293 INFO o.a.j.t.JMeterThread: Stopping: KV Thread Group 1-35
2026-04-30 13:27:18,293 WARN o.a.j.t.JMeterThread: Interrupting: KV Thread Group 1-35 sampler: HTTP Request
2026-04-30 13:27:18,293 INFO o.a.j.t.JMeterThread: Stopping: KV Thread Group 1-24
2026-04-30 13:27:18,293 WARN o.a.j.t.JMeterThread: Interrupting: KV Thread Group 1-24 sampler: HTTP Request
2026-04-30 13:27:18,293 INFO o.a.j.t.JMeterThread: Thread finished: KV Thread Group 1-35
2026-04-30 13:27:18,293 INFO o.a.j.t.JMeterThread: Thread finished: KV Thread Group 1-13
2026-04-30 13:27:18,293 INFO o.a.j.t.JMeterThread: Stopping: KV Thread Group 1-46
2026-04-30 13:27:18,293 WARN o.a.j.t.JMeterThread: Interrupting: KV Thread Group 1-46 sampler: HTTP Request
2026-04-30 13:27:18,293 INFO o.a.j.t.JMeterThread: Thread finished: KV Thread Group 1-24
2026-04-30 13:27:18,293 INFO o.a.j.t.JMeterThread: Thread finished: KV Thread Group 1-46
2026-04-30 13:27:18,293 INFO o.a.j.e.StandardJMeterEngine: Notifying test listeners of end of test
2026-04-30 13:27:18,293 INFO o.a.j.g.u.JMeterMenuBar: setRunning(false, *local*)
2026-04-30 13:27:54,175 INFO o.a.j.e.StandardJMeterEngine: Running the test!
2026-04-30 13:27:54,176 INFO o.a.j.s.SampleEvent: List of sample_variables: []
2026-04-30 13:27:54,177 INFO o.a.j.g.u.JMeterMenuBar: setRunning(true, *local*)
2026-04-30 13:27:54,211 INFO o.a.j.e.StandardJMeterEngine: Starting ThreadGroup: 1 : KV Thread Group
2026-04-30 13:27:54,211 INFO o.a.j.e.StandardJMeterEngine: Starting 50 threads for group KV Thread Group.
2026-04-30 13:27:54,211 INFO o.a.j.e.StandardJMeterEngine: Thread will continue on error
2026-04-30 13:27:54,211 INFO o.a.j.t.ThreadGroup: Starting thread group... number=1 threads=50 ramp-up=10 delayedStart=false
2026-04-30 13:27:54,212 INFO o.a.j.t.JMeterThread: Thread started: KV Thread Group 1-1
2026-04-30 13:27:54,217 INFO o.a.j.t.ThreadGroup: Started thread group number 1
2026-04-30 13:27:54,217 INFO o.a.j.e.StandardJMeterEngine: All thread groups have been started
2026-04-30 13:27:54,416 INFO o.a.j.t.JMeterThread: Thread started: KV Thread Group 1-2
2026-04-30 13:27:54,616 INFO o.a.j.t.JMeterThread: Thread started: KV Thread Group 1-3
2026-04-30 13:27:54,815 INFO o.a.j.t.JMeterThread: Thread started: KV Thread Group 1-4
2026-04-30 13:27:55,014 INFO o.a.j.t.JMeterThread: Thread started: KV Thread Group 1-5
2026-04-30 13:27:55,215 INFO o.a.j.t.JMeterThread: Thread started: KV Thread Group 1-6
2026-04-30 13:27:55,416 INFO o.a.j.t.JMeterThread: Thread started: KV Thread Group 1-7
2026-04-30 13:27:55,617 INFO o.a.j.t.JMeterThread: Thread started: KV Thread Group 1-8
2026-04-30 13:27:55,816 INFO o.a.j.t.JMeterThread: Thread started: KV Thread Group 1-9
2026-04-30 13:27:56,016 INFO o.a.j.t.JMeterThread: Thread started: KV Thread Group 1-10
2026-04-30 13:27:56,216 INFO o.a.j.t.JMeterThread: Thread started: KV Thread Group 1-11
2026-04-30 13:27:56,415 INFO o.a.j.t.JMeterThread: Thread started: KV Thread Group 1-12
2026-04-30 13:27:56,616 INFO o.a.j.t.JMeterThread: Thread started: KV Thread Group 1-13
2026-04-30 13:27:56,817 INFO o.a.j.t.JMeterThread: Thread started: KV Thread Group 1-14
2026-04-30 13:27:57,013 INFO o.a.j.t.JMeterThread: Thread started: KV Thread Group 1-15
2026-04-30 13:27:57,216 INFO o.a.j.t.JMeterThread: Thread started: KV Thread Group 1-16
2026-04-30 13:27:57,427 INFO o.a.j.t.JMeterThread: Thread started: KV Thread Group 1-17
2026-04-30 13:27:57,616 INFO o.a.j.t.JMeterThread: Thread started: KV Thread Group 1-18
2026-04-30 13:27:57,816 INFO o.a.j.t.JMeterThread: Thread started: KV Thread Group 1-19
2026-04-30 13:27:58,017 INFO o.a.j.t.JMeterThread: Thread started: KV Thread Group 1-20
2026-04-30 13:27:58,213 INFO o.a.j.t.JMeterThread: Thread started: KV Thread Group 1-21
2026-04-30 13:27:58,416 INFO o.a.j.t.JMeterThread: Thread started: KV Thread Group 1-22
2026-04-30 13:27:58,617 INFO o.a.j.t.JMeterThread: Thread started: KV Thread Group 1-23
2026-04-30 13:27:58,817 INFO o.a.j.t.JMeterThread: Thread started: KV Thread Group 1-24
2026-04-30 13:27:59,013 INFO o.a.j.t.JMeterThread: Thread started: KV Thread Group 1-25
2026-04-30 13:27:59,216 INFO o.a.j.t.JMeterThread: Thread started: KV Thread Group 1-26
2026-04-30 13:27:59,417 INFO o.a.j.t.JMeterThread: Thread started: KV Thread Group 1-27
2026-04-30 13:27:59,613 INFO o.a.j.t.JMeterThread: Thread started: KV Thread Group 1-28
2026-04-30 13:27:59,813 INFO o.a.j.t.JMeterThread: Thread started: KV Thread Group 1-29
2026-04-30 13:28:00,017 INFO o.a.j.t.JMeterThread: Thread started: KV Thread Group 1-30
2026-04-30 13:28:00,213 INFO o.a.j.t.JMeterThread: Thread started: KV Thread Group 1-31
2026-04-30 13:28:00,416 INFO o.a.j.t.JMeterThread: Thread started: KV Thread Group 1-32
2026-04-30 13:28:00,613 INFO o.a.j.t.JMeterThread: Thread started: KV Thread Group 1-33
2026-04-30 13:28:00,813 INFO o.a.j.t.JMeterThread: Thread started: KV Thread Group 1-34
2026-04-30 13:28:01,016 INFO o.a.j.t.JMeterThread: Thread started: KV Thread Group 1-35
2026-04-30 13:28:01,216 INFO o.a.j.t.JMeterThread: Thread started: KV Thread Group 1-36
2026-04-30 13:28:01,417 INFO o.a.j.t.JMeterThread: Thread started: KV Thread Group 1-37
2026-04-30 13:28:01,616 INFO o.a.j.t.JMeterThread: Thread started: KV Thread Group 1-38
2026-04-30 13:28:01,813 INFO o.a.j.t.JMeterThread: Thread started: KV Thread Group 1-39
2026-04-30 13:28:02,016 INFO o.a.j.t.JMeterThread: Thread started: KV Thread Group 1-40
2026-04-30 13:28:02,215 INFO o.a.j.t.JMeterThread: Thread started: KV Thread Group 1-41
2026-04-30 13:28:02,413 INFO o.a.j.t.JMeterThread: Thread started: KV Thread Group 1-42
2026-04-30 13:28:02,616 INFO o.a.j.t.JMeterThread: Thread started: KV Thread Group 1-43
2026-04-30 13:28:02,816 INFO o.a.j.t.JMeterThread: Thread started: KV Thread Group 1-44
2026-04-30 13:28:03,016 INFO o.a.j.t.JMeterThread: Thread started: KV Thread Group 1-45
2026-04-30 13:28:03,216 INFO o.a.j.t.JMeterThread: Thread started: KV Thread Group 1-46
2026-04-30 13:28:03,416 INFO o.a.j.t.JMeterThread: Thread started: KV Thread Group 1-47
2026-04-30 13:28:03,616 INFO o.a.j.t.JMeterThread: Thread started: KV Thread Group 1-48
2026-04-30 13:28:03,817 INFO o.a.j.t.JMeterThread: Thread started: KV Thread Group 1-49
2026-04-30 13:28:04,017 INFO o.a.j.t.JMeterThread: Thread started: KV Thread Group 1-50
2026-04-30 13:30:32,198 INFO o.a.j.t.JMeterThread: Thread is done: KV Thread Group 1-6
2026-04-30 13:30:32,200 INFO o.a.j.t.JMeterThread: Thread finished: KV Thread Group 1-6
2026-04-30 13:30:43,786 INFO o.a.j.t.JMeterThread: Thread is done: KV Thread Group 1-12
2026-04-30 13:30:43,787 INFO o.a.j.t.JMeterThread: Thread finished: KV Thread Group 1-12
2026-04-30 13:30:45,644 INFO o.a.j.t.JMeterThread: Thread is done: KV Thread Group 1-10
2026-04-30 13:30:45,644 INFO o.a.j.t.JMeterThread: Thread finished: KV Thread Group 1-10
2026-04-30 13:30:46,217 INFO o.a.j.t.JMeterThread: Thread is done: KV Thread Group 1-18
2026-04-30 13:30:46,218 INFO o.a.j.t.JMeterThread: Thread finished: KV Thread Group 1-18
2026-04-30 13:30:49,552 INFO o.a.j.t.JMeterThread: Thread is done: KV Thread Group 1-21
2026-04-30 13:30:49,552 INFO o.a.j.t.JMeterThread: Thread finished: KV Thread Group 1-21
2026-04-30 13:30:52,145 INFO o.a.j.t.JMeterThread: Thread is done: KV Thread Group 1-14
2026-04-30 13:30:52,145 INFO o.a.j.t.JMeterThread: Thread finished: KV Thread Group 1-14
2026-04-30 13:30:53,258 INFO o.a.j.t.JMeterThread: Thread is done: KV Thread Group 1-17
2026-04-30 13:30:53,258 INFO o.a.j.t.JMeterThread: Thread finished: KV Thread Group 1-17
2026-04-30 13:30:54,082 INFO o.a.j.t.JMeterThread: Thread is done: KV Thread Group 1-19
2026-04-30 13:30:54,082 INFO o.a.j.t.JMeterThread: Thread finished: KV Thread Group 1-19
2026-04-30 13:30:55,189 INFO o.a.j.t.JMeterThread: Thread is done: KV Thread Group 1-27
2026-04-30 13:30:55,189 INFO o.a.j.t.JMeterThread: Thread finished: KV Thread Group 1-27
2026-04-30 13:30:59,749 INFO o.a.j.t.JMeterThread: Thread is done: KV Thread Group 1-38
2026-04-30 13:30:59,750 INFO o.a.j.t.JMeterThread: Thread finished: KV Thread Group 1-38
2026-04-30 13:31:02,433 INFO o.a.j.t.JMeterThread: Thread is done: KV Thread Group 1-43
2026-04-30 13:31:02,434 INFO o.a.j.t.JMeterThread: Thread finished: KV Thread Group 1-43
2026-04-30 13:31:04,771 INFO o.a.j.t.JMeterThread: Thread is done: KV Thread Group 1-22
2026-04-30 13:31:04,772 INFO o.a.j.t.JMeterThread: Thread finished: KV Thread Group 1-22
2026-04-30 13:31:05,354 INFO o.a.j.t.JMeterThread: Thread is done: KV Thread Group 1-39
2026-04-30 13:31:05,355 INFO o.a.j.t.JMeterThread: Thread finished: KV Thread Group 1-39
2026-04-30 13:31:08,779 INFO o.a.j.t.JMeterThread: Thread is done: KV Thread Group 1-37
2026-04-30 13:31:08,780 INFO o.a.j.t.JMeterThread: Thread finished: KV Thread Group 1-37
2026-04-30 13:31:11,700 INFO o.a.j.t.JMeterThread: Thread is done: KV Thread Group 1-34
2026-04-30 13:31:11,701 INFO o.a.j.t.JMeterThread: Thread finished: KV Thread Group 1-34
2026-04-30 13:31:11,965 INFO o.a.j.t.JMeterThread: Thread is done: KV Thread Group 1-47
2026-04-30 13:31:11,966 INFO o.a.j.t.JMeterThread: Thread finished: KV Thread Group 1-47
2026-04-30 13:31:13,771 INFO o.a.j.t.JMeterThread: Thread is done: KV Thread Group 1-30
2026-04-30 13:31:13,771 INFO o.a.j.t.JMeterThread: Thread finished: KV Thread Group 1-30
2026-04-30 13:31:39,005 INFO o.a.j.t.JMeterThread: Thread is done: KV Thread Group 1-2
2026-04-30 13:31:39,007 INFO o.a.j.t.JMeterThread: Thread finished: KV Thread Group 1-2
2026-04-30 13:31:39,381 INFO o.a.j.t.JMeterThread: Thread is done: KV Thread Group 1-9
2026-04-30 13:31:39,381 INFO o.a.j.t.JMeterThread: Thread finished: KV Thread Group 1-9
2026-04-30 13:31:43,766 INFO o.a.j.t.JMeterThread: Thread is done: KV Thread Group 1-1
2026-04-30 13:31:43,766 INFO o.a.j.t.JMeterThread: Thread finished: KV Thread Group 1-1
2026-04-30 13:31:46,622 INFO o.a.j.t.JMeterThread: Thread is done: KV Thread Group 1-4
2026-04-30 13:31:46,623 INFO o.a.j.t.JMeterThread: Thread finished: KV Thread Group 1-4
2026-04-30 13:31:54,634 INFO o.a.j.t.JMeterThread: Thread is done: KV Thread Group 1-8
2026-04-30 13:31:54,634 INFO o.a.j.t.JMeterThread: Thread finished: KV Thread Group 1-8
2026-04-30 13:31:59,504 INFO o.a.j.t.JMeterThread: Thread is done: KV Thread Group 1-15
2026-04-30 13:31:59,505 INFO o.a.j.t.JMeterThread: Thread finished: KV Thread Group 1-15
2026-04-30 13:32:00,208 INFO o.a.j.t.JMeterThread: Thread is done: KV Thread Group 1-44
2026-04-30 13:32:00,209 INFO o.a.j.t.JMeterThread: Thread finished: KV Thread Group 1-44
2026-04-30 13:32:02,837 INFO o.a.j.t.JMeterThread: Thread is done: KV Thread Group 1-16
2026-04-30 13:32:02,838 INFO o.a.j.t.JMeterThread: Thread finished: KV Thread Group 1-16
2026-04-30 13:32:03,724 INFO o.a.j.t.JMeterThread: Thread is done: KV Thread Group 1-36
2026-04-30 13:32:03,724 INFO o.a.j.t.JMeterThread: Thread finished: KV Thread Group 1-36
2026-04-30 13:32:04,377 INFO o.a.j.t.JMeterThread: Thread is done: KV Thread Group 1-48
2026-04-30 13:32:04,378 INFO o.a.j.t.JMeterThread: Thread finished: KV Thread Group 1-48
2026-04-30 13:32:04,632 INFO o.a.j.t.JMeterThread: Thread is done: KV Thread Group 1-26
2026-04-30 13:32:04,633 INFO o.a.j.t.JMeterThread: Thread finished: KV Thread Group 1-26
2026-04-30 13:32:04,792 INFO o.a.j.t.JMeterThread: Thread is done: KV Thread Group 1-3
2026-04-30 13:32:04,792 INFO o.a.j.t.JMeterThread: Thread finished: KV Thread Group 1-3
2026-04-30 13:32:05,186 INFO o.a.j.t.JMeterThread: Thread is done: KV Thread Group 1-20
2026-04-30 13:32:05,187 INFO o.a.j.t.JMeterThread: Thread finished: KV Thread Group 1-20
2026-04-30 13:32:05,966 INFO o.a.j.t.JMeterThread: Thread is done: KV Thread Group 1-46
2026-04-30 13:32:05,967 INFO o.a.j.t.JMeterThread: Thread finished: KV Thread Group 1-46
2026-04-30 13:32:06,633 INFO o.a.j.t.JMeterThread: Thread is done: KV Thread Group 1-24
2026-04-30 13:32:06,634 INFO o.a.j.t.JMeterThread: Thread finished: KV Thread Group 1-24
2026-04-30 13:32:06,671 INFO o.a.j.t.JMeterThread: Thread is done: KV Thread Group 1-23
2026-04-30 13:32:06,672 INFO o.a.j.t.JMeterThread: Thread finished: KV Thread Group 1-23
2026-04-30 13:32:07,743 INFO o.a.j.t.JMeterThread: Thread is done: KV Thread Group 1-5
2026-04-30 13:32:07,744 INFO o.a.j.t.JMeterThread: Thread finished: KV Thread Group 1-5
2026-04-30 13:32:08,165 INFO o.a.j.t.JMeterThread: Thread is done: KV Thread Group 1-25
2026-04-30 13:32:08,165 INFO o.a.j.t.JMeterThread: Thread finished: KV Thread Group 1-25
2026-04-30 13:32:09,712 INFO o.a.j.t.JMeterThread: Thread is done: KV Thread Group 1-13
2026-04-30 13:32:09,712 INFO o.a.j.t.JMeterThread: Thread finished: KV Thread Group 1-13
2026-04-30 13:32:09,749 INFO o.a.j.t.JMeterThread: Thread is done: KV Thread Group 1-11
2026-04-30 13:32:09,749 INFO o.a.j.t.JMeterThread: Thread finished: KV Thread Group 1-11
2026-04-30 13:32:09,974 INFO o.a.j.t.JMeterThread: Thread is done: KV Thread Group 1-31
2026-04-30 13:32:09,975 INFO o.a.j.t.JMeterThread: Thread finished: KV Thread Group 1-31
2026-04-30 13:32:10,575 INFO o.a.j.t.JMeterThread: Thread is done: KV Thread Group 1-7
2026-04-30 13:32:10,575 INFO o.a.j.t.JMeterThread: Thread finished: KV Thread Group 1-7
2026-04-30 13:32:11,145 INFO o.a.j.t.JMeterThread: Thread is done: KV Thread Group 1-42
2026-04-30 13:32:11,146 INFO o.a.j.t.JMeterThread: Thread finished: KV Thread Group 1-42
2026-04-30 13:32:11,693 INFO o.a.j.t.JMeterThread: Thread is done: KV Thread Group 1-41
2026-04-30 13:32:11,693 INFO o.a.j.t.JMeterThread: Thread finished: KV Thread Group 1-41
2026-04-30 13:32:12,213 INFO o.a.j.t.JMeterThread: Thread is done: KV Thread Group 1-45
2026-04-30 13:32:12,214 INFO o.a.j.t.JMeterThread: Thread finished: KV Thread Group 1-45
2026-04-30 13:32:12,345 INFO o.a.j.t.JMeterThread: Thread is done: KV Thread Group 1-50
2026-04-30 13:32:12,346 INFO o.a.j.t.JMeterThread: Thread finished: KV Thread Group 1-50
2026-04-30 13:32:12,443 INFO o.a.j.t.JMeterThread: Thread is done: KV Thread Group 1-28
2026-04-30 13:32:12,444 INFO o.a.j.t.JMeterThread: Thread finished: KV Thread Group 1-28
2026-04-30 13:32:13,251 INFO o.a.j.t.JMeterThread: Thread is done: KV Thread Group 1-33
2026-04-30 13:32:13,251 INFO o.a.j.t.JMeterThread: Thread finished: KV Thread Group 1-33
2026-04-30 13:32:13,265 INFO o.a.j.t.JMeterThread: Thread is done: KV Thread Group 1-29
2026-04-30 13:32:13,265 INFO o.a.j.t.JMeterThread: Thread finished: KV Thread Group 1-29
2026-04-30 13:32:13,531 INFO o.a.j.t.JMeterThread: Thread is done: KV Thread Group 1-35
2026-04-30 13:32:13,531 INFO o.a.j.t.JMeterThread: Thread finished: KV Thread Group 1-35
2026-04-30 13:32:13,552 INFO o.a.j.t.JMeterThread: Thread is done: KV Thread Group 1-40
2026-04-30 13:32:13,552 INFO o.a.j.t.JMeterThread: Thread finished: KV Thread Group 1-40
2026-04-30 13:32:16,298 INFO o.a.j.t.JMeterThread: Thread is done: KV Thread Group 1-49
2026-04-30 13:32:16,299 INFO o.a.j.t.JMeterThread: Thread finished: KV Thread Group 1-49
2026-04-30 13:32:46,890 INFO o.a.j.t.JMeterThread: Thread is done: KV Thread Group 1-32
2026-04-30 13:32:46,892 INFO o.a.j.t.JMeterThread: Thread finished: KV Thread Group 1-32
2026-04-30 13:32:46,893 INFO o.a.j.e.StandardJMeterEngine: Notifying test listeners of end of test
2026-04-30 13:32:46,893 INFO o.a.j.g.u.JMeterMenuBar: setRunning(false, *local*)
